Microchip MPLAB XC8 Compiler V1.20 ()

Linker command line:

--edf=C:\Program Files (x86)\Microchip\xc8\v1.20\dat\en_msgs.txt -cs \
  -h+dist/default/production\Libraries.X.production.sym \
  --cmf=dist/default/production\Libraries.X.production.cmf -z -Q18F4550 \
  -oC:\Users\RUDARO~1\AppData\Local\Temp\s4pc.6 \
  -Mdist/default/production/Libraries.X.production.map -E1 -ver=XC8 \
  -ACODE=00h-07FFFh -ACONST=00h-07FFFh -ASMALLCONST=0800h-08FFhx120 \
  -AMEDIUMCONST=0800h-07FFFh -ACOMRAM=01h-05Fh -AABS1=00h-07FFh \
  -ABIGRAM=01h-07FFh -ARAM=060h-0FFh,0100h-01FFhx7 -ABANK0=060h-0FFh \
  -ABANK1=0100h-01FFh -ABANK2=0200h-02FFh -ABANK3=0300h-03FFh \
  -ABANK4=0400h-04FFh -ABANK5=0500h-05FFh -ABANK6=0600h-06FFh \
  -ABANK7=0700h-07FFh -ASFR=0F60h-0FFFh \
  -preset_vec=00h,intcode,intcodelo,powerup,init,end_init -pramtop=0800h \
  -psmallconst=SMALLCONST -pmediumconst=MEDIUMCONST -pconst=CONST \
  -AFARRAM=00h-00h -ACONFIG=0300000h-030000Dh -pconfig=CONFIG \
  -AIDLOC=0200000h-0200007h -pidloc=IDLOC -AEEDATA=0F00000h-0F000FFh \
  -peeprom_data=EEDATA \
  -prdata=COMRAM,nvrram=COMRAM,nvbit=COMRAM,rbss=COMRAM,rbit=COMRAM \
  -pfarbss=FARRAM,fardata=FARRAM,nvFARRAM=FARRAM \
  -pintsave_regs=BIGRAM,bigbss=BIGRAM,bigdata=BIGRAM -pbss=RAM \
  -pidata=CODE,irdata=CODE,ibigdata=CODE,ifardata=CODE \
  C:\Users\RUDARO~1\AppData\Local\Temp\s4pc.obj \
  dist/default/production\Libraries.X.production.obj 

Object code version is 3.11

Machine type is 18F4550

Call graph: (short form)




                Name                               Link     Load   Length Selector   Space Scale
C:\Users\RUDARO~1\AppData\Local\Temp\s4pc.obj
                end_init                              0        0        4        0       0
                idloc                            200000   200000        8   200000       0
                config                           300000   300000        E   300000       0
dist/default/production\Libraries.X.production.obj
                smallconst                          800      800       5C      400       0
                text0                               872      872        4      42E       0
                cstackCOMRAM                         10       10        5        1       1
                bssCOMRAM                             1        1        F        1       1
                cinit                               85C      85C       16      42E       0

TOTAL           Name                               Link     Load   Length     Space
        CLASS   CODE           
                end_init                              0        0        4         0
                text0                               872      872        4         0
                cinit                               85C      85C       16         0

        CLASS   CONST          

        CLASS   SMALLCONST     
                smallconst                          800      800       5C         0

        CLASS   MEDIUMCONST    

        CLASS   COMRAM         
                cstackCOMRAM                         10       10        5         1
                bssCOMRAM                             1        1        F         1

        CLASS   ABS1           
                abs_s1                              400      400        8         1
                abs_s1                              40C      40C        8         1
                abs_s1                              500      500      100         1

        CLASS   BIGRAM         

        CLASS   RAM            

        CLASS   BANK0          

        CLASS   BANK1          

        CLASS   BANK2          

        CLASS   BANK3          

        CLASS   BANK4          

        CLASS   BANK5          

        CLASS   BANK6          

        CLASS   BANK7          

        CLASS   SFR            

        CLASS   FARRAM         

        CLASS   CONFIG         
                config                           300000   300000        E         0

        CLASS   IDLOC          
                idloc                            200000   200000        8         0

        CLASS   EEDATA         



SEGMENTS        Name                           Load    Length   Top    Selector   Space  Class

                reset_vec                      000000  000004  000004         0       0  CODE    
                bssCOMRAM                      000001  000014  000015         1       1  COMRAM  
                smallconst                     000800  00005C  00085C       400       0  SMALLCON
                cinit                          00085C  00001A  000876       42E       0  CODE    
                idloc                          200000  000008  200008    200000       0  IDLOC   
                config                         300000  00000E  30000E    300000       0  CONFIG  


UNUSED ADDRESS RANGES

        Name                Unused          Largest block    Delta
        BANK0            000060-0000FF               A0
        BANK1            000100-0001FF              100
        BANK2            000200-0002FF              100
        BANK3            000300-0003FF              100
        BANK4            000408-00040B                4
                         000414-0004FF               EC
        BANK6            000600-0006FF              100
        BANK7            000700-0007FF              100
        BIGRAM           000015-0003FF              3EB
                         000408-00040B                4
                         000414-0004FF               EC
                         000600-0007FF              200
        CODE             000004-0007FF              7FC
                         000876-007FFF             778A
        COMRAM           000015-00005F               4B
        CONST            000004-0007FF              7FC
                         000876-007FFF             778A
        EEDATA           F00000-F000FF              100
        MEDIUMCONST      000876-007FFF             778A
        RAM              000060-0003FF              100
                         000408-00040B                4
                         000414-0004FF               EC
                         000600-0007FF              100
        SFR              000F60-000FFF               A0
        SMALLCONST       000876-007FFF              100

                                  Symbol Table

_EECON1bits                     (abs)        000FA6
_EECON2                         (abs)        000FA7
_INTCONbits                     (abs)        000FF2
_TABLAT                         (abs)        000FF5
_TBLPTRH                        (abs)        000FF7
_TBLPTRL                        (abs)        000FF6
_TBLPTRU                        (abs)        000FF8
_UADDR                          (abs)        000F6E
_UCFG                           (abs)        000F6F
_UCON                           (abs)        000F6D
_UCONbits                       (abs)        000F6D
_UEP0                           (abs)        000F70
_UEP1                           (abs)        000F71
_UEP2                           (abs)        000F72
_UIE                            (abs)        000F69
_UIR                            (abs)        000F68
_UIRbits                        (abs)        000F68
_USTAT                          (abs)        000F6C
__HRAM                          (abs)        000000
__Habs1                         abs1         000000
__Hbank0                        bank0        000000
__Hbank1                        bank1        000000
__Hbank2                        bank2        000000
__Hbank3                        bank3        000000
__Hbank4                        bank4        000000
__Hbank5                        bank5        000000
__Hbank6                        bank6        000000
__Hbank7                        bank7        000000
__Hbigbss                       bigbss       000000
__Hbigdata                      bigdata      000000
__Hbigram                       bigram       000000
__Hbss                          bss          000000
__HbssCOMRAM                    bssCOMRAM    000000
__Hcinit                        cinit        000000
__Hclrtext                      clrtext      000000
__Hcomram                       comram       000000
__Hconfig                       config       30000E
__Hconst                        const        000000
__HcstackCOMRAM                 cstackCOMRAM 000000
__Hdata                         data         000000
__Heeprom_data                  eeprom_data  000000
__Hend_init                     end_init     000004
__Hfarbss                       farbss       000000
__Hfardata                      fardata      000000
__Hibigdata                     ibigdata     000000
__Hidata                        idata        000000
__Hidloc                        idloc        200008
__Hifardata                     ifardata     000000
__Hinit                         init         000000
__Hintcode                      intcode      000000
__Hintcode_body                 intcode_body 000000
__Hintcodelo                    intcodelo    000000
__Hintentry                     intentry     000000
__Hintret                       intret       000000
__Hintsave_regs                 intsave_regs 000000
__Hirdata                       irdata       000000
__Hmediumconst                  mediumconst  000000
__HnvFARRAM                     nvFARRAM     000000
__Hnvbit                        nvbit        000000
__Hnvrram                       nvrram       000000
__Hparam                        rparam       000000
__Hpowerup                      powerup      000000
__Hram                          ram          000000
__Hramtop                       ramtop       000800
__Hrbit                         rbit         000000
__Hrbss                         rbss         000000
__Hrdata                        rdata        000000
__Hreset_vec                    reset_vec    000000
__Hrparam                       rparam       000000
__Hsfr                          sfr          000000
__Hsmallconst                   smallconst   00085C
__Hstruct                       struct       000000
__Htemp                         temp         000000
__Htext                         text         000000
__Htext0                        text0        000000
__LRAM                          (abs)        000001
__Labs1                         abs1         000000
__Lbank0                        bank0        000000
__Lbank1                        bank1        000000
__Lbank2                        bank2        000000
__Lbank3                        bank3        000000
__Lbank4                        bank4        000000
__Lbank5                        bank5        000000
__Lbank6                        bank6        000000
__Lbank7                        bank7        000000
__Lbigbss                       bigbss       000000
__Lbigdata                      bigdata      000000
__Lbigram                       bigram       000000
__Lbss                          bss          000000
__LbssCOMRAM                    bssCOMRAM    000000
__Lcinit                        cinit        000000
__Lclrtext                      clrtext      000000
__Lcomram                       comram       000000
__Lconfig                       config       300000
__Lconst                        const        000000
__LcstackCOMRAM                 cstackCOMRAM 000000
__Ldata                         data         000000
__Leeprom_data                  eeprom_data  000000
__Lend_init                     end_init     000000
__Lfarbss                       farbss       000000
__Lfardata                      fardata      000000
__Libigdata                     ibigdata     000000
__Lidata                        idata        000000
__Lidloc                        idloc        200000
__Lifardata                     ifardata     000000
__Linit                         init         000000
__Lintcode                      intcode      000000
__Lintcode_body                 intcode_body 000000
__Lintcodelo                    intcodelo    000000
__Lintentry                     intentry     000000
__Lintret                       intret       000000
__Lintsave_regs                 intsave_regs 000000
__Lirdata                       irdata       000000
__Lmediumconst                  mediumconst  000000
__LnvFARRAM                     nvFARRAM     000000
__Lnvbit                        nvbit        000000
__Lnvrram                       nvrram       000000
__Lparam                        rparam       000000
__Lpowerup                      powerup      000000
__Lram                          ram          000000
__Lramtop                       ramtop       000800
__Lrbit                         rbit         000000
__Lrbss                         rbss         000000
__Lrdata                        rdata        000000
__Lreset_vec                    reset_vec    000000
__Lrparam                       rparam       000000
__Lsfr                          sfr          000000
__Lsmallconst                   smallconst   000800
__Lstruct                       struct       000000
__Ltemp                         temp         000000
__Ltext                         text         000000
__Ltext0                        text0        000000
__S0                            (abs)        30000E
__S1                            (abs)        000015
__accesstop                     (abs)        000060
__activetblptr                  (abs)        000002
__end_of__initialization        cinit        000868
__end_of_conf_desc_0            smallconst   000820
__end_of_dev_desc               smallconst   00084A
__end_of_main                   text0        000876
__end_of_string_desc_0          smallconst   00085A
__end_of_string_desc_1          smallconst   000856
__end_of_string_desc_2          smallconst   000838
__initialization                cinit        00085C
__mediumconst                   mediumconst  000000
__pbssCOMRAM                    bssCOMRAM    000001
__pcinit                        cinit        00085C
__pcstackCOMRAM                 cstackCOMRAM 000010
__psmallconst                   smallconst   000800
__ptext0                        text0        000872
__ramtop                        ramtop       000800
__size_of_main                  (abs)        000000
__smallconst                    smallconst   000800
_conf_desc_0                    smallconst   000800
_dev_desc                       smallconst   000838
_ep0_dir                        bssCOMRAM    00000B
_ep0_in_bd                      (abs)        000404
_ep0_in_buffer                  (abs)        000540
_ep0_in_decsriptor              bssCOMRAM    000001
_ep0_in_handler                 bssCOMRAM    000003
_ep0_in_handler_ack             (abs)        000000
_ep0_in_handler_configure       (abs)        000000
_ep0_in_handler_send_descriptor (abs)        000000
_ep0_in_handler_set_address     (abs)        000000
_ep0_in_total_bytes_to_send     bssCOMRAM    000005
_ep0_out_bd                     (abs)        000400
_ep0_out_buffer                 (abs)        000500
_ep0_out_handler                bssCOMRAM    000007
_ep0_out_handler_ack            (abs)        000000
_ep0_temp_uaddr                 bssCOMRAM    00000C
_ep1_bd                         (abs)        00040C
_ep1_buffer                     (abs)        000580
_ep2_bd                         (abs)        000410
_ep2_buffer                     (abs)        0005C0
_ep2_receive_handler            bssCOMRAM    000009
_main                           text0        000872
_setup_pkt                      (abs)        000500
_string_desc_0                  smallconst   000856
_string_desc_1                  smallconst   00084A
_string_desc_2                  smallconst   000820
_toggle                         bssCOMRAM    00000D
_total_writen                   bssCOMRAM    00000E
_usb_device_state               bssCOMRAM    00000F
end_of_initialization           cinit        000868
intlevel0                       text         000000
intlevel1                       text         000000
intlevel2                       text         000000
intlevel3                       text         000000
start                           init         000000
start_initialization            cinit        00085C


FUNCTION INFORMATION:

 *************** function _main *****************
 Defined at:
		line 14 in file "src/main.c"
 Parameters:    Size  Location     Type
  argc            2    0[COMRAM] int 
  argv            3    2[COMRAM] PTR PTR unsigned char 
 Auto vars:     Size  Location     Type
		None
 Return value:  Size  Location     Type
                  2    0[COMRAM] int 
 Registers used:
		None
 Tracked objects:
		On entry : 
		On exit  : 
		Unchanged: 
 Data sizes:     COMRAM   BANK0   BANK1   BANK2   BANK3  BANK4h  BANK4l   BANK6   BANK7
      Params:         5       0       0       0       0       0       0       0       0
      Locals:         0       0       0       0       0       0       0       0       0
      Temps:          0       0       0       0       0       0       0       0       0
      Totals:         5       0       0       0       0       0       0       0       0
Total ram usage:        5 bytes
 This function calls:
		Nothing
 This function is called by:
		Startup code after reset
 This function uses a non-reentrant model



MODULE INFORMATION

Module		Function		Class		Link	Load	Size
src/main.c
		_main          		CODE           	0872	0000	4

src/main.c estimated size: 4

shared
		_conf_desc_0   		SMALLCONST     	0800	0000	32
		__initializatio		CODE           	085C	0000	12
		_string_desc_0 		SMALLCONST     	0856	0000	4
		_string_desc_1 		SMALLCONST     	084A	0000	12
		_string_desc_2 		SMALLCONST     	0820	0000	24
		_dev_desc      		SMALLCONST     	0838	0000	18

shared estimated size: 102

